// Jest Snapshot v1, https://goo.gl/fbAQLP

exports[`<Home /> renders initial UI 1`] = `
<div>
  <styled.h1>
    Home
  </styled.h1>
</div>
`;
